<html>
<body>
<pre>
<h1>µVision Build Log</h1>
<h2>Tool Versions:</h2>
IDE-Version: µVision V5.36.0.0
Copyright (C) 2021 ARM Ltd and ARM Germany GmbH. All rights reserved.
License Information: BOMBISTER ULTRANASILIE, BOMBISTER'S, LIC=----
 
Tool Versions:
Toolchain:       MDK-Lite  Version: 5.36.0.0
Toolchain Path:  C:\Keil_v5\ARM\ARMCLANG\Bin
C Compiler:      ArmClang.exe V6.16
Assembler:       Armasm.exe V6.16
Linker/Locator:  ArmLink.exe V6.16
Library Manager: ArmAr.exe V6.16
Hex Converter:   FromElf.exe V6.16
CPU DLL:         SARMCM3.DLL V5.36.0.0
Dialog DLL:      DARMCM1.DLL V1.19.4.0
Target DLL:      STLink\ST-LINKIII-KEIL_SWO.dll V3.0.9.0
Dialog DLL:      TARMCM1.DLL V1.14.4.0
 
<h2>Project:</h2>
C:\Users\HP\ForKernel\Cross\Cross.uvprojx
Project File Date:  11/19/2024

<h2>Output:</h2>
*** Using Compiler 'V6.16', folder: 'C:\Keil_v5\ARM\ARMCLANG\Bin'
Build target 'Target 1'
light.c(8): warning: no previous extern declaration for non-static variable 'sin_index1' [-Wmissing-variable-declarations]
volatile uint16_t sin_index1 = 0;  
                  ^
light.c(8): note: declare 'static' if the variable is not intended to be used outside of this translation unit
volatile uint16_t sin_index1 = 0;  
         ^
light.c(9): warning: no previous extern declaration for non-static variable 'sin_index2' [-Wmissing-variable-declarations]
volatile uint16_t sin_index2 = 0;  
                  ^
light.c(9): note: declare 'static' if the variable is not intended to be used outside of this translation unit
volatile uint16_t sin_index2 = 0;  
         ^
light.c(11): warning: no previous prototype for function 'pwm_tim3_init' [-Wmissing-prototypes]
void pwm_tim3_init(void) {
     ^
light.c(11): note: declare 'static' if the function is not intended to be used outside of this translation unit
void pwm_tim3_init(void) {
^
static 
light.c(46): warning: no previous prototype for function 'TIM3_IRQHandler' [-Wmissing-prototypes]
void TIM3_IRQHandler(void) {
     ^
light.c(46): note: declare 'static' if the function is not intended to be used outside of this translation unit
void TIM3_IRQHandler(void) {
^
static 
4 warnings generated.
compiling light.c...
linking...
Program Size: Code=3020 RO-data=304 RW-data=0 ZI-data=1640  
".\Objects\Cross.axf" - 0 Error(s), 4 Warning(s).

<h2>Software Packages used:</h2>

Package Vendor: ARM
                http://www.keil.com/pack/ARM.CMSIS.5.8.0.pack
                ARM.CMSIS.5.8.0
                CMSIS (Common Microcontroller Software Interface Standard)
   * Component: CORE Version: 5.5.0

Package Vendor: Keil
                https://www.keil.com/pack/Keil.STM32F0xx_DFP.2.1.1.pack
                Keil.STM32F0xx_DFP.2.1.1
                STMicroelectronics STM32F0 Series Device Support, Drivers and Examples
   * Component: Startup Version: 1.0.0

<h2>Collection of Component include folders:</h2>
  .\RTE\_Target_1
  C:\Users\HP\AppData\Local\Arm\Packs\ARM\CMSIS\5.8.0\CMSIS\Core\Include
  C:\Users\HP\AppData\Local\Arm\Packs\Keil\STM32F0xx_DFP\2.1.1\Drivers\CMSIS\Device\ST\STM32F0xx\Include

<h2>Collection of Component Files used:</h2>

   * Component: ARM::CMSIS:CORE:5.5.0

   * Component: Keil.Standalone::Device:Startup:1.0.0
      Source file:   MDK\Device\Source\ARM\STM32F0xx_OPT.s
      Include file:  Drivers\CMSIS\Device\ST\STM32F0xx\Include\stm32f0xx.h
      Source file:   Drivers\CMSIS\Device\ST\STM32F0xx\Source\Templates\arm\startup_stm32f072xb.s
      Source file:   Drivers\CMSIS\Device\ST\STM32F0xx\Source\Templates\system_stm32f0xx.c
Build Time Elapsed:  00:00:01
</pre>
</body>
</html>
